movie_id,index,value
1,0,Action
1,1,Sci-Fi
1,2,Thriller